[2026-01-12 19:55:07.216936] Skipped '1': not enough images (0 < 10)
[2026-01-12 19:55:07.216936] Skipped '2': not enough images (2 < 10)
[2026-01-12 19:56:05.337343] Skipped '1': not enough images (0 < 10)
[2026-01-12 19:56:05.337343] Skipped '2': not enough images (2 < 10)
